21:30:25 01-welcome — 欢迎页（E3oiE）
21:30:34 02-email-sheet — 点按钮后升起学校邮箱面板（mvCEP），输入框自动聚焦、键盘弹出
21:30:54 03-email-filled — 填好学校邮箱，「获取验证码」可点
21:31:07 04-code-sheet — 验证码面板（YLGFD）：6 个格子，开发版说明本机收件箱
21:57:18 06-code-expired — 超过 10 分钟后点登录：显示错误提示（验证码过期）
22:02:38 05-code-partial — 6 个输入框：输入 3 位后焦点在第 4 格，「登录」仍不可点
22:04:13 06-code-after-resend — 点「重新获取」后不用再点格子，直接输入新码，6 位填满，「登录」可点
22:04:43 07-connect-step — 登录成功后先到「连接学校数据」（n26RV），没有直接进今天
22:05:18 08-school-sources — 点「连接 Canvas 和日历」打开现有的学校连接页
22:07:01 09-connected — 连上学校日历后返回：显示「已连接」，按钮变成「进入今天」（Ly7By）
22:07:40 10-today-after-connect — 点「进入今天」：进入标签页，今天直接显示内容，没有「连接一次」大卡片
22:08:09 11-today-bottom — 今天底部：保留一行「连接 Canvas 和学校日历」入口
22:21:21 12-code-complete — 6 位填满后收起键盘焦点，「登录」可点
22:21:42 13-connect-bennie — 一次点按「登录」即成功（验证码已使用），先到「连接学校数据」
22:22:04 15-today-after-relogin — 从「我的」退出、重新登录、点「稍后再说」：落在「今天」，不是上次的「我的」
22:23:07 16-relaunch-signed-in — 已登录时重启 App：直接进今天，不出现欢迎页和连接步骤
22:25:24 17-back-to-email — 验证码面板点「‹ 返回」：回到学校邮箱一步，邮箱保留
22:25:56 18-cancel-sheet — 邮箱面板点「取消」：面板收起，回到欢迎页
22:29:29 19-real-school-email — 用真实学校邮箱（@connect.ust.hk）登录：通过客户端校验，「获取验证码」可点
22:31:56 20-real-email-connect — 真实学校邮箱首次登录即注册，随后进入「连接学校数据」
22:32:22 21-real-email-today — 真实学校邮箱的新账户进入今天：空的一天（AcEVz），没有大卡片
